../Inc/HAL_STM32F103C6T6/src/ll/f103/../../../inc/../ST/f103/core_cm3.h:1511:22:__NVIC_EnableIRQ	16	static
../Inc/HAL_STM32F103C6T6/src/ll/f103/../../../inc/../ST/f103/core_cm3.h:1639:22:__NVIC_SetPriority	16	static
../Inc/HAL_STM32F103C6T6/src/ll/f103/../../../inc/../ST/f103/core_cm3.h:1834:26:SysTick_Config	16	static
../Inc/HAL_STM32F103C6T6/src/ll/f103/tim_f103.c:7:16:TIM_GetIndex	16	static
../Inc/HAL_STM32F103C6T6/src/ll/f103/tim_f103.c:14:6:SysTick_Init	8	static
../Inc/HAL_STM32F103C6T6/src/ll/f103/tim_f103.c:19:10:millis	4	static
../Inc/HAL_STM32F103C6T6/src/ll/f103/tim_f103.c:24:6:SysTick_Handler	4	static
../Inc/HAL_STM32F103C6T6/src/ll/f103/tim_f103.c:29:6:SysTick_Delay	24	static,ignoring_inline_asm
../Inc/HAL_STM32F103C6T6/src/ll/f103/tim_f103.c:38:6:TIM_Init	24	static
../Inc/HAL_STM32F103C6T6/src/ll/f103/tim_f103.c:72:6:TIM_RegisterHandler	24	static
../Inc/HAL_STM32F103C6T6/src/ll/f103/tim_f103.c:80:6:TIM3_IRQHandler	8	static
../Inc/HAL_STM32F103C6T6/src/ll/f103/tim_f103.c:92:10:RCC_GetSysclk_Hz	32	static
../Inc/HAL_STM32F103C6T6/src/ll/f103/tim_f103.c:128:10:RCC_GetHclk_Hz	16	static
../Inc/HAL_STM32F103C6T6/src/ll/f103/tim_f103.c:139:10:RCC_GetPclk1_Hz	16	static
../Inc/HAL_STM32F103C6T6/src/ll/f103/tim_f103.c:148:10:RCC_GetTIMPclk1_Hz	16	static
../Inc/HAL_STM32F103C6T6/src/ll/f103/tim_f103.c:160:10:RCC_GetPclk2_Hz	16	static
../Inc/HAL_STM32F103C6T6/src/ll/f103/tim_f103.c:170:6:TIM_US_Init	24	static
../Inc/HAL_STM32F103C6T6/src/ll/f103/tim_f103.c:208:6:delay_us	24	static
